// Jest Snapshot v1, https://goo.gl/fbAQLP

exports[`renders correctly 1`] = `
<NavbarComponent
  logoSrc="https://example/com/image.png"
  t={[Function]}
/>
`;
